// Jest Snapshot v1, https://goo.gl/fbAQLP

exports[`OnThisPageRegistrator extracts the sections from the JSON 1`] = `
Array [
  Object {
    "anchor": "app-top",
    "i18n": false,
    "level": 1,
    "title": "PageTitle",
  },
  Object {
    "anchor": "provided-heading-anchor",
    "i18n": false,
    "level": 2,
    "title": "Heading Level 2",
  },
  Object {
    "anchor": "heading-level-3",
    "i18n": false,
    "level": 3,
    "title": "Heading Level 3",
  },
  Object {
    "anchor": "properties-title",
    "i18n": true,
    "level": 2,
    "title": "Properties Title",
  },
  Object {
    "anchor": "restbody-title",
    "i18n": true,
    "level": 2,
    "title": "restBody Title",
  },
  Object {
    "anchor": "restcookies-title",
    "i18n": true,
    "level": 2,
    "title": "restCookies Title",
  },
  Object {
    "anchor": "restendpoint-title",
    "i18n": true,
    "level": 2,
    "title": "restEndpoint Title",
  },
  Object {
    "anchor": "restheaders-title",
    "i18n": true,
    "level": 2,
    "title": "restHeaders Title",
  },
  Object {
    "anchor": "restparameters-title",
    "i18n": true,
    "level": 2,
    "title": "restParameters Title",
  },
  Object {
    "anchor": "restresponses-title",
    "i18n": true,
    "level": 2,
    "title": "restResponses Title",
  },
  Object {
    "anchor": "declaration",
    "i18n": true,
    "level": 2,
    "title": "sections.declarations",
  },
  Object {
    "anchor": "details",
    "i18n": true,
    "level": 2,
    "title": "sections.details",
  },
  Object {
    "anchor": "parameters",
    "i18n": true,
    "level": 2,
    "title": "sections.parameters",
  },
  Object {
    "anchor": "possibleValues",
    "i18n": true,
    "level": 2,
    "title": "sections.possible-values",
  },
  Object {
    "anchor": "topics",
    "i18n": true,
    "level": 2,
    "title": "sections.topics",
  },
  Object {
    "anchor": "relationships",
    "i18n": true,
    "level": 2,
    "title": "sections.relationships",
  },
  Object {
    "anchor": "see-also",
    "i18n": true,
    "level": 2,
    "title": "sections.see-also",
  },
]
`;
